// Jest Snapshot v1, https://goo.gl/fbAQLP

exports[`<HelloWorld /> should render 1`] = `
<div>
  <h1
    class="sc-2d1a4851-0 jzveyM"
    data-testid="title"
  >
    Hello World!
  </h1>
</div>
`;
